Config: 9500 steps, batch=4x8x16
Model: EleutherAI/pythia-1b-deduped step0 (1011.8M params)
Tokens per step: 1,048,576 (1.05M)
  step 50/9500: loss=8.6904, lr=2.45e-05, 0.18 steps/s, ETA=867min
  step 100/9500: loss=6.9882, lr=4.95e-05, 0.18 steps/s, ETA=859min
  step 150/9500: loss=6.3386, lr=7.45e-05, 0.18 steps/s, ETA=854min
  step 200/9500: loss=6.0091, lr=9.95e-05, 0.18 steps/s, ETA=849min
  step 250/9500: loss=5.7471, lr=1.24e-04, 0.18 steps/s, ETA=844min
  step 300/9500: loss=5.5157, lr=1.50e-04, 0.18 steps/s, ETA=840min
  step 350/9500: loss=5.2809, lr=1.75e-04, 0.18 steps/s, ETA=835min
  step 400/9500: loss=5.0725, lr=1.99e-04, 0.18 steps/s, ETA=831min
  step 450/9500: loss=4.8868, lr=2.25e-04, 0.18 steps/s, ETA=826min
  step 500/9500: loss=4.7148, lr=2.49e-04, 0.18 steps/s, ETA=821min
  [SPECTRAL] step 500: α=9.033, SR/d=0.0915
  step 550/9500: loss=4.5628, lr=2.50e-04, 0.18 steps/s, ETA=817min
  step 600/9500: loss=4.3712, lr=2.50e-04, 0.18 steps/s, ETA=812min
  step 650/9500: loss=4.2083, lr=2.50e-04, 0.18 steps/s, ETA=807min
  step 700/9500: loss=4.0821, lr=2.50e-04, 0.18 steps/s, ETA=803min
  step 750/9500: loss=3.9768, lr=2.50e-04, 0.18 steps/s, ETA=798min
  step 800/9500: loss=3.8934, lr=2.50e-04, 0.18 steps/s, ETA=794min
  step 850/9500: loss=3.8243, lr=2.50e-04, 0.18 steps/s, ETA=789min
  step 900/9500: loss=3.7683, lr=2.50e-04, 0.18 steps/s, ETA=784min
  step 950/9500: loss=3.7064, lr=2.50e-04, 0.18 steps/s, ETA=780min
  step 1000/9500: loss=3.6632, lr=2.50e-04, 0.18 steps/s, ETA=775min
  [SPECTRAL] step 1000: α=6.025, SR/d=0.0491
  step 1050/9500: loss=3.6125, lr=2.50e-04, 0.18 steps/s, ETA=771min
  step 1100/9500: loss=3.5812, lr=2.50e-04, 0.18 steps/s, ETA=766min
  step 1150/9500: loss=3.5374, lr=2.50e-04, 0.18 steps/s, ETA=762min
  step 1200/9500: loss=3.5112, lr=2.50e-04, 0.18 steps/s, ETA=757min
  step 1250/9500: loss=3.4759, lr=2.50e-04, 0.18 steps/s, ETA=752min
  step 1300/9500: loss=3.4552, lr=2.50e-04, 0.18 steps/s, ETA=748min
  step 1350/9500: loss=3.4314, lr=2.50e-04, 0.18 steps/s, ETA=743min
  step 1400/9500: loss=3.3949, lr=2.50e-04, 0.18 steps/s, ETA=739min
  step 1450/9500: loss=3.3794, lr=2.50e-04, 0.18 steps/s, ETA=734min
  step 1500/9500: loss=3.3615, lr=2.50e-04, 0.18 steps/s, ETA=730min
  [SPECTRAL] step 1500: α=4.925, SR/d=0.0472
  step 1550/9500: loss=3.3391, lr=2.50e-04, 0.18 steps/s, ETA=725min
  step 1600/9500: loss=3.3314, lr=2.50e-04, 0.18 steps/s, ETA=720min
  step 1650/9500: loss=3.3089, lr=2.50e-04, 0.18 steps/s, ETA=716min
  step 1700/9500: loss=3.2936, lr=2.50e-04, 0.18 steps/s, ETA=711min
  step 1750/9500: loss=3.2826, lr=2.50e-04, 0.18 steps/s, ETA=707min
  step 1800/9500: loss=3.2637, lr=2.50e-04, 0.18 steps/s, ETA=702min
  step 1850/9500: loss=3.2511, lr=2.50e-04, 0.18 steps/s, ETA=697min
  step 1900/9500: loss=3.2284, lr=2.50e-04, 0.18 steps/s, ETA=693min
  step 1950/9500: loss=3.2294, lr=2.50e-04, 0.18 steps/s, ETA=688min
  step 2000/9500: loss=3.1986, lr=2.50e-04, 0.18 steps/s, ETA=684min
  [SPECTRAL] step 2000: α=4.445, SR/d=0.0491
  [SAVE] /fsx/dev/jiaqi/thermo_results/real_3way_1b/ckpts/alpha_s42/step_2000
  step 2050/9500: loss=3.2043, lr=2.50e-04, 0.18 steps/s, ETA=680min
  step 2100/9500: loss=3.2035, lr=2.50e-04, 0.18 steps/s, ETA=675min
  step 2150/9500: loss=3.1909, lr=2.50e-04, 0.18 steps/s, ETA=671min
  step 2200/9500: loss=3.1763, lr=2.50e-04, 0.18 steps/s, ETA=666min
  step 2250/9500: loss=3.1657, lr=2.50e-04, 0.18 steps/s, ETA=662min
  step 2300/9500: loss=3.1422, lr=2.50e-04, 0.18 steps/s, ETA=657min
  step 2350/9500: loss=3.1540, lr=2.50e-04, 0.18 steps/s, ETA=652min
  step 2400/9500: loss=3.1357, lr=2.50e-04, 0.18 steps/s, ETA=648min
  step 2450/9500: loss=3.1367, lr=2.50e-04, 0.18 steps/s, ETA=643min
  step 2500/9500: loss=3.1084, lr=2.50e-04, 0.18 steps/s, ETA=639min
  [SPECTRAL] step 2500: α=4.184, SR/d=0.0509
  step 2550/9500: loss=3.1057, lr=2.50e-04, 0.18 steps/s, ETA=634min
  step 2600/9500: loss=3.1052, lr=2.50e-04, 0.18 steps/s, ETA=630min
  step 2650/9500: loss=3.0933, lr=2.50e-04, 0.18 steps/s, ETA=625min
  step 2700/9500: loss=3.1007, lr=2.50e-04, 0.18 steps/s, ETA=620min
  step 2750/9500: loss=3.0757, lr=2.50e-04, 0.18 steps/s, ETA=616min
  step 2800/9500: loss=3.0858, lr=2.50e-04, 0.18 steps/s, ETA=611min
  step 2850/9500: loss=3.0789, lr=2.50e-04, 0.18 steps/s, ETA=607min
  step 2900/9500: loss=3.0697, lr=2.50e-04, 0.18 steps/s, ETA=602min
  step 2950/9500: loss=3.0758, lr=2.50e-04, 0.18 steps/s, ETA=598min
  step 3000/9500: loss=3.0602, lr=2.50e-04, 0.18 steps/s, ETA=593min
  [SPECTRAL] step 3000: α=4.023, SR/d=0.0509
  step 3050/9500: loss=3.0384, lr=2.50e-04, 0.18 steps/s, ETA=588min
  step 3100/9500: loss=3.0403, lr=2.50e-04, 0.18 steps/s, ETA=584min
  step 3150/9500: loss=3.0444, lr=2.50e-04, 0.18 steps/s, ETA=579min
  step 3200/9500: loss=3.0405, lr=2.50e-04, 0.18 steps/s, ETA=575min
  step 3250/9500: loss=3.0205, lr=2.50e-04, 0.18 steps/s, ETA=570min
  step 3300/9500: loss=3.0233, lr=2.50e-04, 0.18 steps/s, ETA=566min
  step 3350/9500: loss=3.0243, lr=2.50e-04, 0.18 steps/s, ETA=561min
  step 3400/9500: loss=3.0229, lr=2.50e-04, 0.18 steps/s, ETA=556min
  step 3450/9500: loss=3.0174, lr=2.50e-04, 0.18 steps/s, ETA=552min
  step 3500/9500: loss=3.0154, lr=2.50e-04, 0.18 steps/s, ETA=547min
  [SPECTRAL] step 3500: α=3.923, SR/d=0.0522
  step 3550/9500: loss=3.0131, lr=2.50e-04, 0.18 steps/s, ETA=543min
  step 3600/9500: loss=3.0046, lr=2.50e-04, 0.18 steps/s, ETA=538min
  step 3650/9500: loss=2.9918, lr=2.50e-04, 0.18 steps/s, ETA=534min
  step 3700/9500: loss=2.9953, lr=2.50e-04, 0.18 steps/s, ETA=529min
  step 3750/9500: loss=2.9824, lr=2.50e-04, 0.18 steps/s, ETA=525min
  step 3800/9500: loss=2.9920, lr=2.50e-04, 0.18 steps/s, ETA=520min
  step 3850/9500: loss=2.9808, lr=2.50e-04, 0.18 steps/s, ETA=515min
  step 3900/9500: loss=2.9808, lr=2.50e-04, 0.18 steps/s, ETA=511min
  step 3950/9500: loss=2.9825, lr=2.50e-04, 0.18 steps/s, ETA=506min
  step 4000/9500: loss=2.9752, lr=2.50e-04, 0.18 steps/s, ETA=502min
  [SPECTRAL] step 4000: α=3.860, SR/d=0.0529
  [SAVE] /fsx/dev/jiaqi/thermo_results/real_3way_1b/ckpts/alpha_s42/step_4000
  step 4050/9500: loss=2.9684, lr=2.50e-04, 0.18 steps/s, ETA=497min
  step 4100/9500: loss=2.9613, lr=2.50e-04, 0.18 steps/s, ETA=493min
  step 4150/9500: loss=2.9580, lr=2.50e-04, 0.18 steps/s, ETA=488min
  step 4200/9500: loss=2.9602, lr=2.50e-04, 0.18 steps/s, ETA=484min
  step 4250/9500: loss=2.9428, lr=2.50e-04, 0.18 steps/s, ETA=479min
  step 4300/9500: loss=2.9610, lr=2.50e-04, 0.18 steps/s, ETA=475min
  step 4350/9500: loss=2.9483, lr=2.50e-04, 0.18 steps/s, ETA=470min
  step 4400/9500: loss=2.9507, lr=2.50e-04, 0.18 steps/s, ETA=465min
  step 4450/9500: loss=2.9465, lr=2.50e-04, 0.18 steps/s, ETA=461min
  step 4500/9500: loss=2.9350, lr=2.50e-04, 0.18 steps/s, ETA=456min
  [SPECTRAL] step 4500: α=3.823, SR/d=0.0528
  step 4550/9500: loss=2.9421, lr=2.50e-04, 0.18 steps/s, ETA=452min
  step 4600/9500: loss=2.9224, lr=2.50e-04, 0.18 steps/s, ETA=447min
  step 4650/9500: loss=2.9297, lr=2.50e-04, 0.18 steps/s, ETA=443min
  step 4700/9500: loss=2.9322, lr=2.50e-04, 0.18 steps/s, ETA=438min
  step 4750/9500: loss=2.9236, lr=2.50e-04, 0.18 steps/s, ETA=433min
  step 4800/9500: loss=2.9176, lr=2.50e-04, 0.18 steps/s, ETA=429min
  step 4850/9500: loss=2.9227, lr=2.50e-04, 0.18 steps/s, ETA=424min
  step 4900/9500: loss=2.9187, lr=2.50e-04, 0.18 steps/s, ETA=420min
  step 4950/9500: loss=2.9134, lr=2.50e-04, 0.18 steps/s, ETA=415min
  step 5000/9500: loss=2.9214, lr=2.50e-04, 0.18 steps/s, ETA=411min
  [SPECTRAL] step 5000: α=3.824, SR/d=0.0541
  step 5050/9500: loss=2.9161, lr=2.50e-04, 0.18 steps/s, ETA=406min
  step 5100/9500: loss=2.9178, lr=2.50e-04, 0.18 steps/s, ETA=401min
  step 5150/9500: loss=2.9147, lr=2.50e-04, 0.18 steps/s, ETA=397min
  step 5200/9500: loss=2.8998, lr=2.50e-04, 0.18 steps/s, ETA=392min
  step 5250/9500: loss=2.9047, lr=2.50e-04, 0.18 steps/s, ETA=388min
  step 5300/9500: loss=2.9094, lr=2.50e-04, 0.18 steps/s, ETA=383min
  step 5350/9500: loss=2.9008, lr=2.50e-04, 0.18 steps/s, ETA=379min
  step 5400/9500: loss=2.8902, lr=2.50e-04, 0.18 steps/s, ETA=374min
  step 5450/9500: loss=2.8913, lr=2.50e-04, 0.18 steps/s, ETA=370min
  step 5500/9500: loss=2.8904, lr=2.50e-04, 0.18 steps/s, ETA=365min
  [SPECTRAL] step 5500: α=3.813, SR/d=0.0540
  step 5550/9500: loss=2.8975, lr=2.50e-04, 0.18 steps/s, ETA=360min
  step 5600/9500: loss=2.8903, lr=2.50e-04, 0.18 steps/s, ETA=356min
  step 5650/9500: loss=2.8906, lr=2.50e-04, 0.18 steps/s, ETA=351min
  step 5700/9500: loss=2.8840, lr=2.50e-04, 0.18 steps/s, ETA=347min
  step 5750/9500: loss=2.8774, lr=2.50e-04, 0.18 steps/s, ETA=342min
  step 5800/9500: loss=2.8896, lr=2.50e-04, 0.18 steps/s, ETA=338min
  step 5850/9500: loss=2.8810, lr=2.50e-04, 0.18 steps/s, ETA=333min
  step 5900/9500: loss=2.8835, lr=2.50e-04, 0.18 steps/s, ETA=328min
  step 5950/9500: loss=2.8700, lr=2.50e-04, 0.18 steps/s, ETA=324min
  step 6000/9500: loss=2.8648, lr=2.50e-04, 0.18 steps/s, ETA=319min
  [SPECTRAL] step 6000: α=3.822, SR/d=0.0541
  [SAVE] /fsx/dev/jiaqi/thermo_results/real_3way_1b/ckpts/alpha_s42/step_6000
  step 6050/9500: loss=2.8683, lr=2.50e-04, 0.18 steps/s, ETA=315min
  step 6100/9500: loss=2.8720, lr=2.50e-04, 0.18 steps/s, ETA=310min
  step 6150/9500: loss=2.8748, lr=2.50e-04, 0.18 steps/s, ETA=306min
  step 6200/9500: loss=2.8665, lr=2.50e-04, 0.18 steps/s, ETA=301min
  step 6250/9500: loss=2.8627, lr=2.50e-04, 0.18 steps/s, ETA=297min
  step 6300/9500: loss=2.8666, lr=2.50e-04, 0.18 steps/s, ETA=292min
  step 6350/9500: loss=2.8554, lr=2.50e-04, 0.18 steps/s, ETA=287min
  step 6400/9500: loss=2.8526, lr=2.50e-04, 0.18 steps/s, ETA=283min
  step 6450/9500: loss=2.8579, lr=2.50e-04, 0.18 steps/s, ETA=278min
  step 6500/9500: loss=2.8564, lr=2.50e-04, 0.18 steps/s, ETA=274min
  [SPECTRAL] step 6500: α=3.834, SR/d=0.0539
  step 6550/9500: loss=2.8551, lr=2.50e-04, 0.18 steps/s, ETA=269min
  step 6600/9500: loss=2.8557, lr=2.50e-04, 0.18 steps/s, ETA=265min
  step 6650/9500: loss=2.8498, lr=2.50e-04, 0.18 steps/s, ETA=260min
  step 6700/9500: loss=2.8430, lr=2.50e-04, 0.18 steps/s, ETA=256min
  step 6750/9500: loss=2.8440, lr=2.50e-04, 0.18 steps/s, ETA=251min
  step 6800/9500: loss=2.8482, lr=2.50e-04, 0.18 steps/s, ETA=246min
  step 6850/9500: loss=2.8385, lr=2.50e-04, 0.18 steps/s, ETA=242min
  step 6900/9500: loss=2.8399, lr=2.50e-04, 0.18 steps/s, ETA=237min
  step 6950/9500: loss=2.8490, lr=2.50e-04, 0.18 steps/s, ETA=233min
  step 7000/9500: loss=2.8403, lr=2.50e-04, 0.18 steps/s, ETA=228min
  >>> ALPHA REVERSAL at step 7000! history=['3.813', '3.822', '3.834', '3.860']
  [FORK SAVE] /fsx/dev/jiaqi/thermo_results/real_3way_1b/ckpts/alpha_s42/fork_step_7000
  [SPECTRAL] step 7000: α=3.860, SR/d=0.0537
  step 7050/9500: loss=2.8448, lr=2.46e-04, 0.18 steps/s, ETA=224min
  step 7100/9500: loss=2.8321, lr=2.41e-04, 0.18 steps/s, ETA=219min
  step 7150/9500: loss=2.8296, lr=2.37e-04, 0.18 steps/s, ETA=214min
  step 7200/9500: loss=2.8224, lr=2.32e-04, 0.18 steps/s, ETA=210min
  step 7250/9500: loss=2.8314, lr=2.28e-04, 0.18 steps/s, ETA=205min
  step 7300/9500: loss=2.8054, lr=2.23e-04, 0.18 steps/s, ETA=201min
  step 7350/9500: loss=2.8114, lr=2.19e-04, 0.18 steps/s, ETA=196min
  step 7400/9500: loss=2.8114, lr=2.14e-04, 0.18 steps/s, ETA=192min
  step 7450/9500: loss=2.8010, lr=2.10e-04, 0.18 steps/s, ETA=187min
  step 7500/9500: loss=2.8097, lr=2.05e-04, 0.18 steps/s, ETA=183min
  [SPECTRAL] step 7500: α=3.863, SR/d=0.0540
  step 7550/9500: loss=2.8074, lr=2.01e-04, 0.18 steps/s, ETA=178min
  step 7600/9500: loss=2.7918, lr=1.96e-04, 0.18 steps/s, ETA=173min
  step 7650/9500: loss=2.7935, lr=1.92e-04, 0.18 steps/s, ETA=169min
  step 7700/9500: loss=2.7951, lr=1.87e-04, 0.18 steps/s, ETA=164min
  step 7750/9500: loss=2.7993, lr=1.83e-04, 0.18 steps/s, ETA=160min
  step 7800/9500: loss=2.7795, lr=1.78e-04, 0.18 steps/s, ETA=155min
  step 7850/9500: loss=2.7852, lr=1.74e-04, 0.18 steps/s, ETA=151min
  step 7900/9500: loss=2.7829, lr=1.69e-04, 0.18 steps/s, ETA=146min
  step 7950/9500: loss=2.7775, lr=1.65e-04, 0.18 steps/s, ETA=141min
  step 8000/9500: loss=2.7820, lr=1.60e-04, 0.18 steps/s, ETA=137min
  [SPECTRAL] step 8000: α=3.873, SR/d=0.0538
  [SAVE] /fsx/dev/jiaqi/thermo_results/real_3way_1b/ckpts/alpha_s42/step_8000
  step 8050/9500: loss=2.7635, lr=1.56e-04, 0.18 steps/s, ETA=132min
  step 8100/9500: loss=2.7774, lr=1.51e-04, 0.18 steps/s, ETA=128min
  step 8150/9500: loss=2.7563, lr=1.47e-04, 0.18 steps/s, ETA=123min
  step 8200/9500: loss=2.7630, lr=1.42e-04, 0.18 steps/s, ETA=119min
  step 8250/9500: loss=2.7647, lr=1.38e-04, 0.18 steps/s, ETA=114min
  step 8300/9500: loss=2.7451, lr=1.33e-04, 0.18 steps/s, ETA=110min
  step 8350/9500: loss=2.7535, lr=1.29e-04, 0.18 steps/s, ETA=105min
  step 8400/9500: loss=2.7508, lr=1.24e-04, 0.18 steps/s, ETA=100min
  step 8450/9500: loss=2.7552, lr=1.20e-04, 0.18 steps/s, ETA=96min
  step 8500/9500: loss=2.7537, lr=1.15e-04, 0.18 steps/s, ETA=91min
  [SPECTRAL] step 8500: α=3.876, SR/d=0.0533
  step 8550/9500: loss=2.7469, lr=1.11e-04, 0.18 steps/s, ETA=87min
  step 8600/9500: loss=2.7487, lr=1.06e-04, 0.18 steps/s, ETA=82min
  step 8650/9500: loss=2.7391, lr=1.02e-04, 0.18 steps/s, ETA=78min
  step 8700/9500: loss=2.7400, lr=9.71e-05, 0.18 steps/s, ETA=73min
  step 8750/9500: loss=2.7305, lr=9.26e-05, 0.18 steps/s, ETA=68min
  step 8800/9500: loss=2.7291, lr=8.81e-05, 0.18 steps/s, ETA=64min
  step 8850/9500: loss=2.7408, lr=8.36e-05, 0.18 steps/s, ETA=59min
  step 8900/9500: loss=2.7424, lr=7.91e-05, 0.18 steps/s, ETA=55min
  step 8950/9500: loss=2.7337, lr=7.46e-05, 0.18 steps/s, ETA=50min
  step 9000/9500: loss=2.7200, lr=7.01e-05, 0.18 steps/s, ETA=46min
  [SPECTRAL] step 9000: α=3.882, SR/d=0.0532
  step 9050/9500: loss=2.7161, lr=6.56e-05, 0.18 steps/s, ETA=41min
  step 9100/9500: loss=2.7353, lr=6.11e-05, 0.18 steps/s, ETA=37min
  step 9150/9500: loss=2.7155, lr=5.66e-05, 0.18 steps/s, ETA=32min
  step 9200/9500: loss=2.7249, lr=5.21e-05, 0.18 steps/s, ETA=27min
  step 9250/9500: loss=2.7320, lr=4.76e-05, 0.18 steps/s, ETA=23min
  step 9300/9500: loss=2.7212, lr=4.31e-05, 0.18 steps/s, ETA=18min
  step 9350/9500: loss=2.7105, lr=3.86e-05, 0.18 steps/s, ETA=14min
  step 9400/9500: loss=2.7272, lr=3.41e-05, 0.18 steps/s, ETA=9min
  step 9450/9500: loss=2.7263, lr=2.96e-05, 0.18 steps/s, ETA=5min
  step 9500/9500: loss=2.7042, lr=2.51e-05, 0.18 steps/s, ETA=0min
  [SPECTRAL] step 9500: α=3.866, SR/d=0.0533
=== TRAINING COMPLETE ===
Final loss: 2.7086
Final alpha: 3.874
Final SR/d: 0.0537
Decay started at: step 7000
Final checkpoint: /fsx/dev/jiaqi/thermo_results/real_3way_1b/ckpts/alpha_s42/final
+ echo '=== α-GUIDED 1B COMPLETE ==='
=== α-GUIDED 1B COMPLETE ===
