Config: 9500 steps, batch=4x8x16
Model: EleutherAI/pythia-1b-deduped step0 (1011.8M params)
Tokens per step: 1,048,576 (1.05M)
  step 50/9500: loss=8.6904, lr=2.45e-05, 0.18 steps/s, ETA=855min
  step 100/9500: loss=6.9836, lr=4.95e-05, 0.18 steps/s, ETA=847min
  step 150/9500: loss=6.3402, lr=7.45e-05, 0.19 steps/s, ETA=842min
  step 200/9500: loss=6.0177, lr=9.95e-05, 0.19 steps/s, ETA=837min
  step 250/9500: loss=5.7543, lr=1.24e-04, 0.19 steps/s, ETA=832min
  step 300/9500: loss=5.5235, lr=1.50e-04, 0.19 steps/s, ETA=827min
  step 350/9500: loss=5.2844, lr=1.75e-04, 0.19 steps/s, ETA=823min
  step 400/9500: loss=5.0801, lr=1.99e-04, 0.19 steps/s, ETA=818min
  step 450/9500: loss=4.8957, lr=2.25e-04, 0.19 steps/s, ETA=814min
  step 500/9500: loss=4.7298, lr=2.49e-04, 0.19 steps/s, ETA=809min
  [SPECTRAL] step 500: α=9.038, SR/d=0.0907
  step 550/9500: loss=4.5829, lr=2.50e-04, 0.19 steps/s, ETA=805min
  step 600/9500: loss=4.4007, lr=2.50e-04, 0.19 steps/s, ETA=800min
  step 650/9500: loss=4.2321, lr=2.50e-04, 0.19 steps/s, ETA=796min
  step 700/9500: loss=4.2880, lr=2.50e-04, 0.19 steps/s, ETA=791min
  step 750/9500: loss=4.1195, lr=2.50e-04, 0.19 steps/s, ETA=786min
  step 800/9500: loss=3.9740, lr=2.50e-04, 0.19 steps/s, ETA=782min
  step 850/9500: loss=3.8943, lr=2.50e-04, 0.19 steps/s, ETA=777min
  step 900/9500: loss=3.8235, lr=2.50e-04, 0.19 steps/s, ETA=773min
  step 950/9500: loss=3.7559, lr=2.50e-04, 0.19 steps/s, ETA=768min
  step 1000/9500: loss=3.7089, lr=2.50e-04, 0.19 steps/s, ETA=764min
  [SPECTRAL] step 1000: α=5.869, SR/d=0.0456
  step 1050/9500: loss=3.6529, lr=2.50e-04, 0.19 steps/s, ETA=759min
  step 1100/9500: loss=3.6135, lr=2.50e-04, 0.19 steps/s, ETA=755min
  step 1150/9500: loss=3.5745, lr=2.50e-04, 0.19 steps/s, ETA=750min
  step 1200/9500: loss=3.5391, lr=2.50e-04, 0.19 steps/s, ETA=746min
  step 1250/9500: loss=3.5067, lr=2.50e-04, 0.19 steps/s, ETA=741min
  step 1300/9500: loss=3.4778, lr=2.50e-04, 0.19 steps/s, ETA=737min
  step 1350/9500: loss=3.4558, lr=2.50e-04, 0.19 steps/s, ETA=732min
  step 1400/9500: loss=3.4146, lr=2.50e-04, 0.19 steps/s, ETA=728min
  step 1450/9500: loss=3.3998, lr=2.50e-04, 0.19 steps/s, ETA=723min
  step 1500/9500: loss=3.3790, lr=2.50e-04, 0.19 steps/s, ETA=719min
  [SPECTRAL] step 1500: α=4.920, SR/d=0.0462
  step 1550/9500: loss=3.3566, lr=2.50e-04, 0.19 steps/s, ETA=714min
  step 1600/9500: loss=3.3468, lr=2.50e-04, 0.19 steps/s, ETA=710min
  step 1650/9500: loss=3.3227, lr=2.50e-04, 0.19 steps/s, ETA=705min
  step 1700/9500: loss=3.3083, lr=2.50e-04, 0.19 steps/s, ETA=701min
  step 1750/9500: loss=3.2955, lr=2.50e-04, 0.19 steps/s, ETA=696min
  step 1800/9500: loss=3.2762, lr=2.50e-04, 0.19 steps/s, ETA=692min
  step 1850/9500: loss=3.2612, lr=2.50e-04, 0.19 steps/s, ETA=687min
  step 1900/9500: loss=3.2388, lr=2.50e-04, 0.19 steps/s, ETA=683min
  step 1950/9500: loss=3.2397, lr=2.50e-04, 0.19 steps/s, ETA=678min
  step 2000/9500: loss=3.2080, lr=2.50e-04, 0.19 steps/s, ETA=674min
  [SPECTRAL] step 2000: α=4.503, SR/d=0.0482
  [SAVE] /fsx/dev/jiaqi/thermo_results/real_3way_1b/ckpts/wsd_s42/step_2000
  step 2050/9500: loss=3.2139, lr=2.50e-04, 0.19 steps/s, ETA=670min
  step 2100/9500: loss=3.2119, lr=2.50e-04, 0.19 steps/s, ETA=666min
  step 2150/9500: loss=3.1996, lr=2.50e-04, 0.19 steps/s, ETA=661min
  step 2200/9500: loss=3.1843, lr=2.50e-04, 0.19 steps/s, ETA=657min
  step 2250/9500: loss=3.1720, lr=2.50e-04, 0.19 steps/s, ETA=652min
  step 2300/9500: loss=3.1501, lr=2.50e-04, 0.19 steps/s, ETA=648min
  step 2350/9500: loss=3.1609, lr=2.50e-04, 0.19 steps/s, ETA=643min
  step 2400/9500: loss=3.1428, lr=2.50e-04, 0.19 steps/s, ETA=639min
  step 2450/9500: loss=3.1433, lr=2.50e-04, 0.19 steps/s, ETA=634min
  step 2500/9500: loss=3.1144, lr=2.50e-04, 0.19 steps/s, ETA=629min
  [SPECTRAL] step 2500: α=4.228, SR/d=0.0499
  step 2550/9500: loss=3.1110, lr=2.50e-04, 0.19 steps/s, ETA=625min
  step 2600/9500: loss=3.1112, lr=2.50e-04, 0.19 steps/s, ETA=621min
  step 2650/9500: loss=3.0987, lr=2.50e-04, 0.19 steps/s, ETA=616min
  step 2700/9500: loss=3.1071, lr=2.50e-04, 0.19 steps/s, ETA=611min
  step 2750/9500: loss=3.0798, lr=2.50e-04, 0.19 steps/s, ETA=607min
  step 2800/9500: loss=3.0905, lr=2.50e-04, 0.19 steps/s, ETA=602min
  step 2850/9500: loss=3.0835, lr=2.50e-04, 0.19 steps/s, ETA=598min
  step 2900/9500: loss=3.0744, lr=2.50e-04, 0.19 steps/s, ETA=593min
  step 2950/9500: loss=3.0799, lr=2.50e-04, 0.19 steps/s, ETA=589min
  step 3000/9500: loss=3.0648, lr=2.50e-04, 0.19 steps/s, ETA=584min
  [SPECTRAL] step 3000: α=4.104, SR/d=0.0504
  step 3050/9500: loss=3.0421, lr=2.50e-04, 0.19 steps/s, ETA=580min
  step 3100/9500: loss=3.0445, lr=2.50e-04, 0.19 steps/s, ETA=576min
  step 3150/9500: loss=3.0479, lr=2.50e-04, 0.19 steps/s, ETA=571min
  step 3200/9500: loss=3.0447, lr=2.50e-04, 0.19 steps/s, ETA=567min
  step 3250/9500: loss=3.0248, lr=2.50e-04, 0.19 steps/s, ETA=562min
  step 3300/9500: loss=3.0261, lr=2.50e-04, 0.19 steps/s, ETA=558min
  step 3350/9500: loss=3.0275, lr=2.50e-04, 0.19 steps/s, ETA=553min
  step 3400/9500: loss=3.0256, lr=2.50e-04, 0.19 steps/s, ETA=549min
  step 3450/9500: loss=3.0205, lr=2.50e-04, 0.19 steps/s, ETA=544min
  step 3500/9500: loss=3.0179, lr=2.50e-04, 0.19 steps/s, ETA=540min
  [SPECTRAL] step 3500: α=3.987, SR/d=0.0513
  step 3550/9500: loss=3.0159, lr=2.50e-04, 0.19 steps/s, ETA=535min
  step 3600/9500: loss=3.0071, lr=2.50e-04, 0.19 steps/s, ETA=531min
  step 3650/9500: loss=2.9942, lr=2.50e-04, 0.19 steps/s, ETA=526min
  step 3700/9500: loss=2.9974, lr=2.50e-04, 0.19 steps/s, ETA=522min
  step 3750/9500: loss=2.9846, lr=2.50e-04, 0.19 steps/s, ETA=517min
  step 3800/9500: loss=2.9939, lr=2.50e-04, 0.19 steps/s, ETA=513min
  step 3850/9500: loss=2.9818, lr=2.50e-04, 0.19 steps/s, ETA=508min
  step 3900/9500: loss=2.9834, lr=2.50e-04, 0.19 steps/s, ETA=504min
  step 3950/9500: loss=2.9842, lr=2.50e-04, 0.19 steps/s, ETA=499min
  step 4000/9500: loss=2.9767, lr=2.50e-04, 0.19 steps/s, ETA=495min
  [SPECTRAL] step 4000: α=3.933, SR/d=0.0518
  [SAVE] /fsx/dev/jiaqi/thermo_results/real_3way_1b/ckpts/wsd_s42/step_4000
  step 4050/9500: loss=2.9696, lr=2.50e-04, 0.19 steps/s, ETA=490min
  step 4100/9500: loss=2.9625, lr=2.50e-04, 0.19 steps/s, ETA=486min
  step 4150/9500: loss=2.9595, lr=2.50e-04, 0.19 steps/s, ETA=481min
  step 4200/9500: loss=2.9612, lr=2.50e-04, 0.19 steps/s, ETA=477min
  step 4250/9500: loss=2.9446, lr=2.50e-04, 0.19 steps/s, ETA=472min
  step 4300/9500: loss=2.9624, lr=2.50e-04, 0.19 steps/s, ETA=468min
  step 4350/9500: loss=2.9495, lr=2.50e-04, 0.19 steps/s, ETA=463min
  step 4400/9500: loss=2.9514, lr=2.50e-04, 0.19 steps/s, ETA=459min
  step 4450/9500: loss=2.9473, lr=2.50e-04, 0.19 steps/s, ETA=454min
  step 4500/9500: loss=2.9359, lr=2.50e-04, 0.19 steps/s, ETA=450min
  [SPECTRAL] step 4500: α=3.907, SR/d=0.0519
  step 4550/9500: loss=2.9433, lr=2.50e-04, 0.19 steps/s, ETA=445min
  step 4600/9500: loss=2.9225, lr=2.50e-04, 0.19 steps/s, ETA=441min
  step 4650/9500: loss=2.9311, lr=2.50e-04, 0.19 steps/s, ETA=436min
  step 4700/9500: loss=2.9323, lr=2.50e-04, 0.19 steps/s, ETA=432min
  step 4750/9500: loss=2.9243, lr=2.50e-04, 0.19 steps/s, ETA=427min
  step 4800/9500: loss=2.9177, lr=2.50e-04, 0.19 steps/s, ETA=423min
  step 4850/9500: loss=2.9230, lr=2.50e-04, 0.19 steps/s, ETA=418min
  step 4900/9500: loss=2.9191, lr=2.50e-04, 0.19 steps/s, ETA=414min
  step 4950/9500: loss=2.9138, lr=2.50e-04, 0.19 steps/s, ETA=409min
  step 5000/9500: loss=2.9219, lr=2.50e-04, 0.19 steps/s, ETA=405min
  [SPECTRAL] step 5000: α=3.899, SR/d=0.0529
  step 5050/9500: loss=2.9166, lr=2.50e-04, 0.19 steps/s, ETA=400min
  step 5100/9500: loss=2.9174, lr=2.50e-04, 0.19 steps/s, ETA=396min
  step 5150/9500: loss=2.9151, lr=2.50e-04, 0.19 steps/s, ETA=391min
  step 5200/9500: loss=2.9001, lr=2.50e-04, 0.19 steps/s, ETA=387min
  step 5250/9500: loss=2.9052, lr=2.50e-04, 0.19 steps/s, ETA=382min
  step 5300/9500: loss=2.9101, lr=2.50e-04, 0.19 steps/s, ETA=378min
  step 5350/9500: loss=2.9014, lr=2.50e-04, 0.19 steps/s, ETA=373min
  step 5400/9500: loss=2.8909, lr=2.50e-04, 0.19 steps/s, ETA=369min
  step 5450/9500: loss=2.8915, lr=2.50e-04, 0.19 steps/s, ETA=364min
  step 5500/9500: loss=2.8904, lr=2.50e-04, 0.19 steps/s, ETA=360min
  [SPECTRAL] step 5500: α=3.894, SR/d=0.0528
  step 5550/9500: loss=2.8975, lr=2.50e-04, 0.19 steps/s, ETA=355min
  step 5600/9500: loss=2.8902, lr=2.50e-04, 0.19 steps/s, ETA=351min
  step 5650/9500: loss=2.8898, lr=2.50e-04, 0.19 steps/s, ETA=346min
  step 5700/9500: loss=2.8840, lr=2.50e-04, 0.19 steps/s, ETA=342min
  step 5750/9500: loss=2.8773, lr=2.50e-04, 0.19 steps/s, ETA=337min
  step 5800/9500: loss=2.8894, lr=2.50e-04, 0.19 steps/s, ETA=333min
  step 5850/9500: loss=2.8809, lr=2.50e-04, 0.19 steps/s, ETA=328min
  step 5900/9500: loss=2.8830, lr=2.50e-04, 0.19 steps/s, ETA=324min
  step 5950/9500: loss=2.8697, lr=2.50e-04, 0.19 steps/s, ETA=319min
  step 6000/9500: loss=2.8651, lr=2.50e-04, 0.19 steps/s, ETA=315min
  [SPECTRAL] step 6000: α=3.905, SR/d=0.0533
  [SAVE] /fsx/dev/jiaqi/thermo_results/real_3way_1b/ckpts/wsd_s42/step_6000
  step 6050/9500: loss=2.8681, lr=2.50e-04, 0.19 steps/s, ETA=310min
  step 6100/9500: loss=2.8721, lr=2.50e-04, 0.19 steps/s, ETA=306min
  step 6150/9500: loss=2.8741, lr=2.50e-04, 0.19 steps/s, ETA=301min
  step 6200/9500: loss=2.8664, lr=2.50e-04, 0.19 steps/s, ETA=297min
  step 6250/9500: loss=2.8627, lr=2.50e-04, 0.19 steps/s, ETA=292min
  step 6300/9500: loss=2.8665, lr=2.50e-04, 0.19 steps/s, ETA=288min
  step 6350/9500: loss=2.8552, lr=2.50e-04, 0.19 steps/s, ETA=283min
  step 6400/9500: loss=2.8516, lr=2.50e-04, 0.19 steps/s, ETA=279min
  step 6450/9500: loss=2.8571, lr=2.50e-04, 0.19 steps/s, ETA=274min
  step 6500/9500: loss=2.8560, lr=2.50e-04, 0.19 steps/s, ETA=270min
  [SPECTRAL] step 6500: α=3.909, SR/d=0.0532
  step 6550/9500: loss=2.8545, lr=2.50e-04, 0.19 steps/s, ETA=265min
  step 6600/9500: loss=2.8544, lr=2.50e-04, 0.19 steps/s, ETA=261min
  step 6650/9500: loss=2.8491, lr=2.50e-04, 0.19 steps/s, ETA=256min
  step 6700/9500: loss=2.8428, lr=2.50e-04, 0.19 steps/s, ETA=252min
  step 6750/9500: loss=2.8431, lr=2.50e-04, 0.19 steps/s, ETA=247min
  step 6800/9500: loss=2.8478, lr=2.50e-04, 0.19 steps/s, ETA=243min
  step 6850/9500: loss=2.8379, lr=2.50e-04, 0.19 steps/s, ETA=238min
  step 6900/9500: loss=2.8390, lr=2.50e-04, 0.19 steps/s, ETA=234min
  step 6950/9500: loss=2.8485, lr=2.50e-04, 0.19 steps/s, ETA=229min
  step 7000/9500: loss=2.8394, lr=2.50e-04, 0.19 steps/s, ETA=225min
  [SPECTRAL] step 7000: α=3.932, SR/d=0.0527
  step 7050/9500: loss=2.8450, lr=2.50e-04, 0.19 steps/s, ETA=220min
  step 7100/9500: loss=2.8334, lr=2.50e-04, 0.19 steps/s, ETA=216min
  step 7150/9500: loss=2.8325, lr=2.50e-04, 0.19 steps/s, ETA=211min
  step 7200/9500: loss=2.8288, lr=2.50e-04, 0.19 steps/s, ETA=207min
  step 7250/9500: loss=2.8397, lr=2.50e-04, 0.19 steps/s, ETA=202min
  step 7300/9500: loss=2.8162, lr=2.50e-04, 0.19 steps/s, ETA=198min
  step 7350/9500: loss=2.8246, lr=2.50e-04, 0.19 steps/s, ETA=193min
  step 7400/9500: loss=2.8274, lr=2.50e-04, 0.19 steps/s, ETA=189min
  step 7450/9500: loss=2.8198, lr=2.50e-04, 0.19 steps/s, ETA=184min
  step 7500/9500: loss=2.8304, lr=2.50e-04, 0.19 steps/s, ETA=180min
  [SPECTRAL] step 7500: α=3.947, SR/d=0.0530
  step 7550/9500: loss=2.8298, lr=2.50e-04, 0.19 steps/s, ETA=175min
  step 7600/9500: loss=2.8173, lr=2.50e-04, 0.19 steps/s, ETA=171min
  step 7650/9500: loss=2.8199, lr=2.50e-04, 0.19 steps/s, ETA=166min
  step 7700/9500: loss=2.8241, lr=2.50e-04, 0.19 steps/s, ETA=162min
  step 7750/9500: loss=2.8300, lr=2.44e-04, 0.19 steps/s, ETA=157min
  step 7800/9500: loss=2.8105, lr=2.38e-04, 0.19 steps/s, ETA=153min
  step 7850/9500: loss=2.8172, lr=2.31e-04, 0.19 steps/s, ETA=148min
  step 7900/9500: loss=2.8146, lr=2.25e-04, 0.19 steps/s, ETA=144min
  step 7950/9500: loss=2.8085, lr=2.19e-04, 0.19 steps/s, ETA=139min
  step 8000/9500: loss=2.8129, lr=2.13e-04, 0.19 steps/s, ETA=135min
  [SPECTRAL] step 8000: α=3.959, SR/d=0.0529
  [SAVE] /fsx/dev/jiaqi/thermo_results/real_3way_1b/ckpts/wsd_s42/step_8000
  step 8050/9500: loss=2.7948, lr=2.06e-04, 0.19 steps/s, ETA=130min
  step 8100/9500: loss=2.8086, lr=2.00e-04, 0.19 steps/s, ETA=126min
  step 8150/9500: loss=2.7869, lr=1.94e-04, 0.19 steps/s, ETA=121min
  step 8200/9500: loss=2.7930, lr=1.88e-04, 0.19 steps/s, ETA=117min
  step 8250/9500: loss=2.7935, lr=1.81e-04, 0.19 steps/s, ETA=112min
  step 8300/9500: loss=2.7734, lr=1.75e-04, 0.19 steps/s, ETA=108min
  step 8350/9500: loss=2.7807, lr=1.69e-04, 0.19 steps/s, ETA=103min
  step 8400/9500: loss=2.7774, lr=1.63e-04, 0.19 steps/s, ETA=99min
  step 8450/9500: loss=2.7807, lr=1.56e-04, 0.19 steps/s, ETA=94min
  step 8500/9500: loss=2.7781, lr=1.50e-04, 0.19 steps/s, ETA=90min
  [SPECTRAL] step 8500: α=3.990, SR/d=0.0538
  step 8550/9500: loss=2.7706, lr=1.44e-04, 0.19 steps/s, ETA=85min
  step 8600/9500: loss=2.7717, lr=1.38e-04, 0.19 steps/s, ETA=81min
  step 8650/9500: loss=2.7608, lr=1.31e-04, 0.19 steps/s, ETA=76min
  step 8700/9500: loss=2.7601, lr=1.25e-04, 0.19 steps/s, ETA=72min
  step 8750/9500: loss=2.7493, lr=1.19e-04, 0.19 steps/s, ETA=67min
  step 8800/9500: loss=2.7473, lr=1.13e-04, 0.19 steps/s, ETA=63min
  step 8850/9500: loss=2.7567, lr=1.06e-04, 0.19 steps/s, ETA=58min
  step 8900/9500: loss=2.7570, lr=1.00e-04, 0.19 steps/s, ETA=54min
  step 8950/9500: loss=2.7470, lr=9.39e-05, 0.19 steps/s, ETA=49min
  step 9000/9500: loss=2.7315, lr=8.76e-05, 0.19 steps/s, ETA=45min
  [SPECTRAL] step 9000: α=3.998, SR/d=0.0537
  step 9050/9500: loss=2.7259, lr=8.14e-05, 0.19 steps/s, ETA=40min
  step 9100/9500: loss=2.7432, lr=7.51e-05, 0.19 steps/s, ETA=36min
  step 9150/9500: loss=2.7221, lr=6.89e-05, 0.19 steps/s, ETA=31min
  step 9200/9500: loss=2.7299, lr=6.26e-05, 0.19 steps/s, ETA=27min
  step 9250/9500: loss=2.7354, lr=5.64e-05, 0.19 steps/s, ETA=22min
  step 9300/9500: loss=2.7221, lr=5.01e-05, 0.19 steps/s, ETA=18min
  step 9350/9500: loss=2.7097, lr=4.39e-05, 0.19 steps/s, ETA=13min
  step 9400/9500: loss=2.7251, lr=3.76e-05, 0.19 steps/s, ETA=9min
  step 9450/9500: loss=2.7223, lr=3.14e-05, 0.19 steps/s, ETA=4min
  step 9500/9500: loss=2.6966, lr=2.51e-05, 0.19 steps/s, ETA=0min
  [SPECTRAL] step 9500: α=3.997, SR/d=0.0535
=== TRAINING COMPLETE ===
Final loss: 2.7014
Final alpha: 4.006
Final SR/d: 0.0539
Decay started at: step None
Final checkpoint: /fsx/dev/jiaqi/thermo_results/real_3way_1b/ckpts/wsd_s42/final
=== WSD 1B COMPLETE ===
+ echo '=== WSD 1B COMPLETE ==='
